1) =========================================================================================================================
ERRRO: error during connect: this error may indicate that the docker daemon is not running: Get "http://%2F%2F.%2Fpipe%2Fdocker_engine/_ping": 
        open //./pipe/docker_engine: The system cannot find the file specified.

SOLUTION CMD: "C:\Program Files\Docker\Docker\DockerCli.exe" -SwitchDaemon
==================================================================================================================================